// Jest Snapshot v1, https://goo.gl/fbAQLP

exports[`should render demo and match snapshot 1`] = `
<main>
  <demo-block>
    <wx-view
      class="custom-class demo-block van-clearfix demo-block--padding"
    >
      <wx-view
        class="demo-block__title"
      >
        基础用法
      </wx-view>
      <wx-view
        class="imgs-wrap"
      >
        <wx-view
          class="imgs-board"
        >
          <wx-image
            class="img"
            data-field="base"
            data-index="{{0}}"
            mode="aspectFill"
            src="https://img.yueluo.club/blog/git.jpg"
            catch:tap="handlePreviewSingle"
          />
        </wx-view>
        <wx-view
          class="imgs-board"
        >
          <wx-image
            class="img"
            data-field="base"
            data-index="{{1}}"
            mode="aspectFill"
            src="https://img.yueluo.club/blog/leetcode.png"
            catch:tap="handlePreviewSingle"
          />
        </wx-view>
        <wx-view
          class="imgs-board"
        >
          <wx-image
            class="img"
            data-field="base"
            data-index="{{2}}"
            mode="aspectFill"
            src="https://img.yueluo.club/blog/es6.jpg"
            catch:tap="handlePreviewSingle"
          />
        </wx-view>
      </wx-view>
    </wx-view>
  </demo-block>
  <demo-block>
    <wx-view
      class="custom-class demo-block van-clearfix demo-block--padding"
    >
      <wx-view
        class="demo-block__title"
      >
        插槽使用
      </wx-view>
      <wx-view
        class="imgs-wrap"
      >
        <wx-view
          class="imgs-board"
        >
          <wx-image
            class="img"
            data-field="slot"
            data-index="{{0}}"
            mode="aspectFill"
            src="https://img.yueluo.club/blog/git.jpg"
            catch:tap="handlePreviewSingle"
          />
        </wx-view>
        <wx-view
          class="imgs-board"
        >
          <wx-image
            class="img"
            data-field="slot"
            data-index="{{1}}"
            mode="aspectFill"
            src="https://img.yueluo.club/blog/leetcode.png"
            catch:tap="handlePreviewSingle"
          />
        </wx-view>
        <wx-view
          class="imgs-board"
        >
          <wx-image
            class="img"
            data-field="slot"
            data-index="{{2}}"
            mode="aspectFill"
            src="https://img.yueluo.club/blog/es6.jpg"
            catch:tap="handlePreviewSingle"
          />
        </wx-view>
      </wx-view>
    </wx-view>
  </demo-block>
  <mina-image-preview
    id="J-preview"
    catch:onChange="handlePreviewChange"
    catch:onClose="handleClosePreview"
  />
</main>
`;
