// Jest Snapshot v1, https://goo.gl/fbAQLP

exports[`should render demo and match snapshot 1`] = `
<main>
  <wx-view
    class="input"
    data-type="multi"
  >
    <wx-text
      class="text "
    />
  </wx-view>
  <demo-nav
    list="{{
      Array [
        Object {
          "label": "基础键盘",
          "value": "normal",
        },
        Object {
          "label": "随机数字键盘",
          "value": "random",
        },
        Object {
          "label": "带右侧栏键盘",
          "value": "custom",
        },
        Object {
          "label": "多按键键盘",
          "value": "multi",
        },
      ]
    }}"
    padding="{{true}}"
    catch:click="handlePress"
  />
  <mina-popup
    catch:close="handleClose"
  >
    <wx-view
      class="popup-wrap "
      style="z-index: 99; background: transparent"
      catch:tap="handleClose"
    >
      <wx-view
        class="popup-board  bottom"
        style="z-index: 99; width: 100%; height: auto"
        catch:tap="noop"
        catch:touchmove="noop"
      >
        <mina-number-keyboard
          catch:close="handleConfirm"
          catch:delete="handleDelete"
          catch:input="handleInput"
        >
          <wx-view
            class="keyboard-wrap"
          >
            <wx-view
              class="keyboard-keys"
            >
              <wx-view
                class="keyboard-key "
              >
                <wx-button
                  class="button"
                  data-text="{{1}}"
                  data-type=""
                  hoverClass="pressed"
                  catch:tap="onPress"
                >
                  1
                </wx-button>
              </wx-view>
              <wx-view
                class="keyboard-key "
              >
                <wx-button
                  class="button"
                  data-text="{{2}}"
                  data-type=""
                  hoverClass="pressed"
                  catch:tap="onPress"
                >
                  2
                </wx-button>
              </wx-view>
              <wx-view
                class="keyboard-key "
              >
                <wx-button
                  class="button"
                  data-text="{{3}}"
                  data-type=""
                  hoverClass="pressed"
                  catch:tap="onPress"
                >
                  3
                </wx-button>
              </wx-view>
              <wx-view
                class="keyboard-key "
              >
                <wx-button
                  class="button"
                  data-text="{{4}}"
                  data-type=""
                  hoverClass="pressed"
                  catch:tap="onPress"
                >
                  4
                </wx-button>
              </wx-view>
              <wx-view
                class="keyboard-key "
              >
                <wx-button
                  class="button"
                  data-text="{{5}}"
                  data-type=""
                  hoverClass="pressed"
                  catch:tap="onPress"
                >
                  5
                </wx-button>
              </wx-view>
              <wx-view
                class="keyboard-key "
              >
                <wx-button
                  class="button"
                  data-text="{{6}}"
                  data-type=""
                  hoverClass="pressed"
                  catch:tap="onPress"
                >
                  6
                </wx-button>
              </wx-view>
              <wx-view
                class="keyboard-key "
              >
                <wx-button
                  class="button"
                  data-text="{{7}}"
                  data-type=""
                  hoverClass="pressed"
                  catch:tap="onPress"
                >
                  7
                </wx-button>
              </wx-view>
              <wx-view
                class="keyboard-key "
              >
                <wx-button
                  class="button"
                  data-text="{{8}}"
                  data-type=""
                  hoverClass="pressed"
                  catch:tap="onPress"
                >
                  8
                </wx-button>
              </wx-view>
              <wx-view
                class="keyboard-key "
              >
                <wx-button
                  class="button"
                  data-text="{{9}}"
                  data-type=""
                  hoverClass="pressed"
                  catch:tap="onPress"
                >
                  9
                </wx-button>
              </wx-view>
              <wx-view
                class="keyboard-key "
              >
                <wx-button
                  class="button"
                  data-text=""
                  data-type="close"
                  hoverClass="pressed"
                  catch:tap="onPress"
                >
                  <wx-text
                    class="mina-icon mina-icon-keyboardhide"
                  />
                </wx-button>
              </wx-view>
              <wx-view
                class="keyboard-key "
              >
                <wx-button
                  class="button"
                  data-text="{{0}}"
                  data-type=""
                  hoverClass="pressed"
                  catch:tap="onPress"
                >
                  0
                </wx-button>
              </wx-view>
              <wx-view
                class="keyboard-key "
              >
                <wx-button
                  class="button"
                  data-text=""
                  data-type="delete"
                  hoverClass="pressed"
                  catch:tap="onPress"
                >
                  <wx-text
                    class="mina-icon mina-icon-delete"
                  />
                  
                </wx-button>
              </wx-view>
            </wx-view>
          </wx-view>
        </mina-number-keyboard>
      </wx-view>
    </wx-view>
  </mina-popup>
</main>
`;
